// Jest Snapshot v1, https://goo.gl/fbAQLP

exports[`the MovieDetails component renders correctly with required and optional props 1`] = `
<div
  class="movie-details test-class"
  data-testid="movie-details-node"
>
  <img
    alt="Fifty Shades Freed"
    src="https://image.tmdb.org/t/p/w500/3kcEGnYBHDeqmdYf8ZRbKdfmlUy.jpg"
  />
  <div>
    <div
      class="movie-details__heading"
    >
      <h2>
        Fifty Shades Freed
      </h2>
      <span>
        6.1
      </span>
    </div>
    <p
      class="movie-details__genres"
    >
      Drama & Romance
    </p>
    <div
      class="movie-details__information"
    >
      <span>
        2018
      </span>
      <span>
        01h 46min
      </span>
    </div>
    <p
      class="movie-details__overview"
    >
      Believing they have left behind shadowy figures from their past, newlyweds Christian and Ana fully embrace an inextricable connection and shared life of luxury. But just as she steps into her role as Mrs. Grey and he relaxes into an unfamiliar stability, new threats could jeopardize their happy ending before it even begins.
    </p>
  </div>
</div>
`;
